[31m‚ö†Ô∏è  Warning: You are using the experimental Python version of this project.[0m
[33mThis version is unstable and may break frequently. Please switch to the Rust rewrite for reliability! The rust version is an early release so it might still have some issues. https://github.com/frederik-uni/manga-image-translator-rust[0m
Invalid dictionary entry at line 15: (?i)voy a agarrar algunos tejidos voy a buscar unos paÒuelos
Invalid dictionary entry at line 16: (?i)algunos tejidos unos paÒuelos
2026-09-22 22:23:26,778 [INFO] worker_server: worker_server listo (imports pesados ya cargados, dispatch_rendering incluido)
ERROR:    Exception in ASGI application
Traceback (most recent call last):
  File "C:\Herramientas\manga-image-translator\venv\Lib\site-packages\urllib3\connection.py", line 204, in _new_conn
    sock = connection.create_connection(
           ^^^^^^^^^^^^^^^^^^^^^^^^^^^^^
  File "C:\Herramientas\manga-image-translator\venv\Lib\site-packages\urllib3\util\connection.py", line 85, in create_connection
    raise err
  File "C:\Herramientas\manga-image-translator\venv\Lib\site-packages\urllib3\util\connection.py", line 73, in create_connection
    sock.connect(sa)
ConnectionRefusedError: [WinError 10061] No se puede establecer una conexiÛn ya que el equipo de destino denegÛ expresamente dicha conexiÛn

The above exception was the direct cause of the following exception:

Traceback (most recent call last):
  File "C:\Herramientas\manga-image-translator\venv\Lib\site-packages\urllib3\connectionpool.py", line 788, in urlopen
    response = self._make_request(
               ^^^^^^^^^^^^^^^^^^^
  File "C:\Herramientas\manga-image-translator\venv\Lib\site-packages\urllib3\connectionpool.py", line 493, in _make_request
    conn.request(
  File "C:\Herramientas\manga-image-translator\venv\Lib\site-packages\urllib3\connection.py", line 500, in request
    self.endheaders()
  File "C:\Users\Usuario\AppData\Local\Programs\Python\Python311\Lib\http\client.py", line 1298, in endheaders
    self._send_output(message_body, encode_chunked=encode_chunked)
  File "C:\Users\Usuario\AppData\Local\Programs\Python\Python311\Lib\http\client.py", line 1058, in _send_output
    self.send(msg)
  File "C:\Users\Usuario\AppData\Local\Programs\Python\Python311\Lib\http\client.py", line 996, in send
    self.connect()
  File "C:\Herramientas\manga-image-translator\venv\Lib\site-packages\urllib3\connection.py", line 331, in connect
    self.sock = self._new_conn()
                ^^^^^^^^^^^^^^^^
  File "C:\Herramientas\manga-image-translator\venv\Lib\site-packages\urllib3\connection.py", line 219, in _new_conn
    raise NewConnectionError(
urllib3.exceptions.NewConnectionError: HTTPConnection(host='127.0.0.1', port=5998): Failed to establish a new connection: [WinError 10061] No se puede establecer una conexiÛn ya que el equipo de destino denegÛ expresamente dicha conexiÛn

The above exception was the direct cause of the following exception:

Traceback (most recent call last):
  File "C:\Herramientas\manga-image-translator\venv\Lib\site-packages\requests\adapters.py", line 696, in send
    resp = conn.urlopen(
           ^^^^^^^^^^^^^
  File "C:\Herramientas\manga-image-translator\venv\Lib\site-packages\urllib3\connectionpool.py", line 842, in urlopen
    retries = retries.increment(
              ^^^^^^^^^^^^^^^^^^
  File "C:\Herramientas\manga-image-translator\venv\Lib\site-packages\urllib3\util\retry.py", line 543, in increment
    raise MaxRetryError(_pool, url, reason) from reason  # type: ignore[arg-type]
    ^^^^^^^^^^^^^^^^^^^^^^^^^^^^^^^^^^^^^^^^^^^^^^^^^^^
urllib3.exceptions.MaxRetryError: HTTPConnectionPool(host='127.0.0.1', port=5998): Max retries exceeded with url: /simple_execute/translate (Caused by NewConnectionError("HTTPConnection(host='127.0.0.1', port=5998): Failed to establish a new connection: [WinError 10061] No se puede establecer una conexiÛn ya que el equipo de destino denegÛ expresamente dicha conexiÛn"))

During handling of the above exception, another exception occurred:

Traceback (most recent call last):
  File "C:\Herramientas\manga-image-translator\venv\Lib\site-packages\uvicorn\protocols\http\h11_impl.py", line 416, in run_asgi
    result = await app(  # type: ignore[func-returns-value]
             ^^^^^^^^^^^^^^^^^^^^^^^^^^^^^^^^^^^^^^^^^^^^^^
  File "C:\Herramientas\manga-image-translator\venv\Lib\site-packages\uvicorn\middleware\proxy_headers.py", line 63, in __call__
    return await self.app(scope, receive, send)
           ^^^^^^^^^^^^^^^^^^^^^^^^^^^^^^^^^^^^
  File "C:\Herramientas\manga-image-translator\venv\Lib\site-packages\fastapi\applications.py", line 1135, in __call__
    await super().__call__(scope, receive, send)
  File "C:\Herramientas\manga-image-translator\venv\Lib\site-packages\starlette\applications.py", line 107, in __call__
    await self.middleware_stack(scope, receive, send)
  File "C:\Herramientas\manga-image-translator\venv\Lib\site-packages\starlette\middleware\errors.py", line 186, in __call__
    raise exc
  File "C:\Herramientas\manga-image-translator\venv\Lib\site-packages\starlette\middleware\errors.py", line 164, in __call__
    await self.app(scope, receive, _send)
  File "C:\Herramientas\manga-image-translator\venv\Lib\site-packages\starlette\middleware\exceptions.py", line 63, in __call__
    await wrap_app_handling_exceptions(self.app, conn)(scope, receive, send)
  File "C:\Herramientas\manga-image-translator\venv\Lib\site-packages\starlette\_exception_handler.py", line 53, in wrapped_app
    raise exc
  File "C:\Herramientas\manga-image-translator\venv\Lib\site-packages\starlette\_exception_handler.py", line 42, in wrapped_app
    await app(scope, receive, sender)
  File "C:\Herramientas\manga-image-translator\venv\Lib\site-packages\fastapi\middleware\asyncexitstack.py", line 18, in __call__
    await self.app(scope, receive, send)
  File "C:\Herramientas\manga-image-translator\venv\Lib\site-packages\starlette\routing.py", line 716, in __call__
    await self.middleware_stack(scope, receive, send)
  File "C:\Herramientas\manga-image-translator\venv\Lib\site-packages\starlette\routing.py", line 736, in app
    await route.handle(scope, receive, send)
  File "C:\Herramientas\manga-image-translator\venv\Lib\site-packages\starlette\routing.py", line 290, in handle
    await self.app(scope, receive, send)
  File "C:\Herramientas\manga-image-translator\venv\Lib\site-packages\fastapi\routing.py", line 118, in app
    await wrap_app_handling_exceptions(app, request)(scope, receive, send)
  File "C:\Herramientas\manga-image-translator\venv\Lib\site-packages\starlette\_exception_handler.py", line 53, in wrapped_app
    raise exc
  File "C:\Herramientas\manga-image-translator\venv\Lib\site-packages\starlette\_exception_handler.py", line 42, in wrapped_app
    await app(scope, receive, sender)
  File "C:\Herramientas\manga-image-translator\venv\Lib\site-packages\fastapi\routing.py", line 104, in app
    response = await f(request)
               ^^^^^^^^^^^^^^^^
  File "C:\Herramientas\manga-image-translator\venv\Lib\site-packages\fastapi\routing.py", line 428, in app
    raw_response = await run_endpoint_function(
                   ^^^^^^^^^^^^^^^^^^^^^^^^^^^^
  File "C:\Herramientas\manga-image-translator\venv\Lib\site-packages\fastapi\routing.py", line 314, in run_endpoint_function
    return await dependant.call(**values)
           ^^^^^^^^^^^^^^^^^^^^^^^^^^^^^^
  File "C:\Herramientas\manga-image-translator\worker_server.py", line 113, in endpoint_translate
    resp = sc.requests.post(url, data=payload, timeout=290)
           ^^^^^^^^^^^^^^^^^^^^^^^^^^^^^^^^^^^^^^^^^^^^^^^^
  File "C:\Herramientas\manga-image-translator\venv\Lib\site-packages\requests\api.py", line 134, in post
    return request("post", url, data=data, json=json, **kwargs)
           ^^^^^^^^^^^^^^^^^^^^^^^^^^^^^^^^^^^^^^^^^^^^^^^^^^^^
  File "C:\Herramientas\manga-image-translator\venv\Lib\site-packages\requests\api.py", line 71, in request
    return session.request(method=method, url=url, **kwargs)
           ^^^^^^^^^^^^^^^^^^^^^^^^^^^^^^^^^^^^^^^^^^^^^^^^^
  File "C:\Herramientas\manga-image-translator\venv\Lib\site-packages\requests\sessions.py", line 651, in request
    resp = self.send(prep, **send_kwargs)
           ^^^^^^^^^^^^^^^^^^^^^^^^^^^^^^
  File "C:\Herramientas\manga-image-translator\venv\Lib\site-packages\requests\sessions.py", line 784, in send
    r = adapter.send(request, **kwargs)
        ^^^^^^^^^^^^^^^^^^^^^^^^^^^^^^^
  File "C:\Herramientas\manga-image-translator\venv\Lib\site-packages\requests\adapters.py", line 729, in send
    raise ConnectionError(e, request=request)
requests.exceptions.ConnectionError: HTTPConnectionPool(host='127.0.0.1', port=5998): Max retries exceeded with url: /simple_execute/translate (Caused by NewConnectionError("HTTPConnection(host='127.0.0.1', port=5998): Failed to establish a new connection: [WinError 10061] No se puede establecer una conexiÛn ya que el equipo de destino denegÛ expresamente dicha conexiÛn"))
